test
updated log
